[debug] [2026-02-20T12:34:35.747Z] ----------------------------------------------------------------------
[debug] [2026-02-20T12:34:35.749Z] Command:       C:\Program Files\nodejs\node.exe C:\Users\micsa\AppData\Roaming\npm\node_modules\firebase-tools\lib\bin\firebase.js deploy --only firestore:rules --debug
[debug] [2026-02-20T12:34:35.749Z] CLI Version:   15.5.1
[debug] [2026-02-20T12:34:35.749Z] Platform:      win32
[debug] [2026-02-20T12:34:35.750Z] Node Version:  v22.18.0
[debug] [2026-02-20T12:34:35.750Z] Time:          Fri Feb 20 2026 12:34:35 GMT+0000 (Greenwich Mean Time)
[debug] [2026-02-20T12:34:35.750Z] ----------------------------------------------------------------------
[debug] 
[debug] [2026-02-20T12:34:37.917Z] > command requires scopes: ["email","openid","https://www.googleapis.com/auth/cloudplatformprojects.readonly","https://www.googleapis.com/auth/firebase","https://www.googleapis.com/auth/cloud-platform"]
[debug] [2026-02-20T12:34:37.919Z] > authorizing via signed-in user (blankson.kwarteng@mirekuaics.com)
[debug] [2026-02-20T12:34:37.919Z] [iam] checking project dpointslogin for permissions ["datastore.indexes.create","datastore.indexes.delete","datastore.indexes.list","datastore.indexes.update","firebase.projects.get"]
[debug] [2026-02-20T12:34:37.920Z] Checked if tokens are valid: true, expires at: 1771594425507
[debug] [2026-02-20T12:34:37.921Z] Checked if tokens are valid: true, expires at: 1771594425507
[debug] [2026-02-20T12:34:37.922Z] >>> [apiv2][query] POST https://cloudresourcemanager.googleapis.com/v1/projects/dpointslogin:testIamPermissions [none]
[debug] [2026-02-20T12:34:37.922Z] >>> [apiv2][(partial)header] POST https://cloudresourcemanager.googleapis.com/v1/projects/dpointslogin:testIamPermissions  x-goog-user-project=dpointslogin
[debug] [2026-02-20T12:34:37.922Z] >>> [apiv2][body] POST https://cloudresourcemanager.googleapis.com/v1/projects/dpointslogin:testIamPermissions {"permissions":["datastore.indexes.create","datastore.indexes.delete","datastore.indexes.list","datastore.indexes.update","firebase.projects.get"]}
[debug] [2026-02-20T12:34:39.109Z] <<< [apiv2][status] POST https://cloudresourcemanager.googleapis.com/v1/projects/dpointslogin:testIamPermissions 403
[debug] [2026-02-20T12:34:39.110Z] <<< [apiv2][body] POST https://cloudresourcemanager.googleapis.com/v1/projects/dpointslogin:testIamPermissions {"error":{"code":403,"message":"Caller does not have required permission to use project dpointslogin. Grant the caller the roles/serviceusage.serviceUsageConsumer role, or a custom role with the serviceusage.services.use permission, by visiting https://console.developers.google.com/iam-admin/iam/project?project=dpointslogin and then retry. Propagation of the new permission may take a few minutes.","status":"PERMISSION_DENIED","details":[{"@type":"type.googleapis.com/google.rpc.ErrorInfo","reason":"USER_PROJECT_DENIED","domain":"googleapis.com","metadata":{"consoleUrl":"https://console.developers.google.com/iam-admin/iam/project?project=dpointslogin","containerInfo":"dpointslogin","consumer":"projects/dpointslogin","service":"cloudresourcemanager.googleapis.com"}},{"@type":"type.googleapis.com/google.rpc.LocalizedMessage","locale":"en-US","message":"Caller does not have required permission to use project dpointslogin. Grant the caller the roles/serviceusage.serviceUsageConsumer role, or a custom role with the serviceusage.services.use permission, by visiting https://console.developers.google.com/iam-admin/iam/project?project=dpointslogin and then retry. Propagation of the new permission may take a few minutes."},{"@type":"type.googleapis.com/google.rpc.Help","links":[{"description":"Google developer console IAM admin","url":"https://console.developers.google.com/iam-admin/iam/project?project=dpointslogin"}]}]}}
[debug] [2026-02-20T12:34:39.111Z] [iam] error while checking permissions, command may fail: Request to https://cloudresourcemanager.googleapis.com/v1/projects/dpointslogin:testIamPermissions had HTTP Error: 403, Caller does not have required permission to use project dpointslogin. Grant the caller the roles/serviceusage.serviceUsageConsumer role, or a custom role with the serviceusage.services.use permission, by visiting https://console.developers.google.com/iam-admin/iam/project?project=dpointslogin and then retry. Propagation of the new permission may take a few minutes.
[info] 
[info] === Deploying to 'dpointslogin'...
[info] 
[info] i  deploying firestore 
[info] i  firestore: ensuring required API firestore.googleapis.com is enabled... 
[info] i  firestore: ensuring required API firestore.googleapis.com is enabled... 
[debug] [2026-02-20T12:34:39.119Z] Checked if tokens are valid: true, expires at: 1771594425507
[debug] [2026-02-20T12:34:39.120Z] Checked if tokens are valid: true, expires at: 1771594425507
[debug] [2026-02-20T12:34:39.120Z] >>> [apiv2][query] GET https://firestore.googleapis.com/v1/projects/dpointslogin/databases/(default) [none]
[debug] [2026-02-20T12:34:40.236Z] <<< [apiv2][status] GET https://firestore.googleapis.com/v1/projects/dpointslogin/databases/(default) 403
[debug] [2026-02-20T12:34:40.237Z] <<< [apiv2][body] GET https://firestore.googleapis.com/v1/projects/dpointslogin/databases/(default) {"error":{"code":403,"message":"The caller does not have permission","status":"PERMISSION_DENIED"}}
[info] i  cloud.firestore: checking firebase-rules.txt for compilation errors... 
[debug] [2026-02-20T12:34:40.239Z] Checked if tokens are valid: true, expires at: 1771594425507
[debug] [2026-02-20T12:34:40.240Z] Checked if tokens are valid: true, expires at: 1771594425507
[debug] [2026-02-20T12:34:40.240Z] >>> [apiv2][query] POST https://firebaserules.googleapis.com/v1/projects/dpointslogin:test [none]
[debug] [2026-02-20T12:34:40.240Z] >>> [apiv2][body] POST https://firebaserules.googleapis.com/v1/projects/dpointslogin:test [omitted]
[debug] [2026-02-20T12:34:41.340Z] <<< [apiv2][status] POST https://firebaserules.googleapis.com/v1/projects/dpointslogin:test 403
[debug] [2026-02-20T12:34:41.341Z] <<< [apiv2][body] POST https://firebaserules.googleapis.com/v1/projects/dpointslogin:test {"error":{"code":403,"message":"The caller does not have permission","status":"PERMISSION_DENIED"}}
[error] 
[error] Error: Request to https://firebaserules.googleapis.com/v1/projects/dpointslogin:test had HTTP Error: 403, The caller does not have permission
[debug] [2026-02-20T12:34:41.350Z] Error Context: {
  "body": {
    "error": {
      "code": 403,
      "message": "The caller does not have permission",
      "status": "PERMISSION_DENIED"
    }
  },
  "response": {
    "statusCode": 403
  }
}
[debug] [2026-02-20T12:34:41.633Z] Error: EPERM: operation not permitted, open 'C:\Users\micsa\.config\configstore\firebase-tools.json.160984713'
    at Object.openSync (node:fs:561:18)
    at Function.writeFileSync [as sync] (C:\Users\micsa\AppData\Roaming\npm\node_modules\firebase-tools\node_modules\write-file-atomic\index.js:205:13)
    at set all (C:\Users\micsa\AppData\Roaming\npm\node_modules\firebase-tools\node_modules\configstore\index.js:61:20)
    at Configstore.set (C:\Users\micsa\AppData\Roaming\npm\node_modules\firebase-tools\node_modules\configstore\index.js:91:12)
    at process.<anonymous> (C:\Users\micsa\AppData\Roaming\npm\node_modules\firebase-tools\lib\bin\cli.js:62:39)
    at process.emit (node:events:530:35)
    at process.exit (node:internal/process/per_thread:194:15)
    at Timeout._onTimeout (C:\Users\micsa\AppData\Roaming\npm\node_modules\firebase-tools\lib\errorOut.js:20:17)
    at listOnTimeout (node:internal/timers:588:17)
    at process.processTimers (node:internal/timers:523:7)
[error] 
[error] Error: An unexpected error has occurred.
[debug] [2026-02-20T12:34:54.583Z] ----------------------------------------------------------------------
[debug] [2026-02-20T12:34:54.586Z] Command:       C:\Program Files\nodejs\node.exe C:\Users\micsa\AppData\Roaming\npm\node_modules\firebase-tools\lib\bin\firebase.js deploy --only firestore:rules --debug
[debug] [2026-02-20T12:34:54.586Z] CLI Version:   15.5.1
[debug] [2026-02-20T12:34:54.587Z] Platform:      win32
[debug] [2026-02-20T12:34:54.587Z] Node Version:  v22.18.0
[debug] [2026-02-20T12:34:54.587Z] Time:          Fri Feb 20 2026 12:34:54 GMT+0000 (Greenwich Mean Time)
[debug] [2026-02-20T12:34:54.587Z] ----------------------------------------------------------------------
[debug] 
[debug] [2026-02-20T12:34:55.797Z] > command requires scopes: ["email","openid","https://www.googleapis.com/auth/cloudplatformprojects.readonly","https://www.googleapis.com/auth/firebase","https://www.googleapis.com/auth/cloud-platform"]
[debug] [2026-02-20T12:34:55.799Z] > authorizing via signed-in user (blankson.kwarteng@mirekuaics.com)
[debug] [2026-02-20T12:34:55.799Z] [iam] checking project dpointslogin for permissions ["datastore.indexes.create","datastore.indexes.delete","datastore.indexes.list","datastore.indexes.update","firebase.projects.get"]
[debug] [2026-02-20T12:34:55.800Z] Checked if tokens are valid: true, expires at: 1771594425507
[debug] [2026-02-20T12:34:55.801Z] Checked if tokens are valid: true, expires at: 1771594425507
[debug] [2026-02-20T12:34:55.802Z] >>> [apiv2][query] POST https://cloudresourcemanager.googleapis.com/v1/projects/dpointslogin:testIamPermissions [none]
[debug] [2026-02-20T12:34:55.802Z] >>> [apiv2][(partial)header] POST https://cloudresourcemanager.googleapis.com/v1/projects/dpointslogin:testIamPermissions  x-goog-user-project=dpointslogin
[debug] [2026-02-20T12:34:55.802Z] >>> [apiv2][body] POST https://cloudresourcemanager.googleapis.com/v1/projects/dpointslogin:testIamPermissions {"permissions":["datastore.indexes.create","datastore.indexes.delete","datastore.indexes.list","datastore.indexes.update","firebase.projects.get"]}
[debug] [2026-02-20T12:34:57.002Z] <<< [apiv2][status] POST https://cloudresourcemanager.googleapis.com/v1/projects/dpointslogin:testIamPermissions 403
[debug] [2026-02-20T12:34:57.002Z] <<< [apiv2][body] POST https://cloudresourcemanager.googleapis.com/v1/projects/dpointslogin:testIamPermissions {"error":{"code":403,"message":"Caller does not have required permission to use project dpointslogin. Grant the caller the roles/serviceusage.serviceUsageConsumer role, or a custom role with the serviceusage.services.use permission, by visiting https://console.developers.google.com/iam-admin/iam/project?project=dpointslogin and then retry. Propagation of the new permission may take a few minutes.","status":"PERMISSION_DENIED","details":[{"@type":"type.googleapis.com/google.rpc.ErrorInfo","reason":"USER_PROJECT_DENIED","domain":"googleapis.com","metadata":{"containerInfo":"dpointslogin","consumer":"projects/dpointslogin","consoleUrl":"https://console.developers.google.com/iam-admin/iam/project?project=dpointslogin","service":"cloudresourcemanager.googleapis.com"}},{"@type":"type.googleapis.com/google.rpc.LocalizedMessage","locale":"en-US","message":"Caller does not have required permission to use project dpointslogin. Grant the caller the roles/serviceusage.serviceUsageConsumer role, or a custom role with the serviceusage.services.use permission, by visiting https://console.developers.google.com/iam-admin/iam/project?project=dpointslogin and then retry. Propagation of the new permission may take a few minutes."},{"@type":"type.googleapis.com/google.rpc.Help","links":[{"description":"Google developer console IAM admin","url":"https://console.developers.google.com/iam-admin/iam/project?project=dpointslogin"}]}]}}
[debug] [2026-02-20T12:34:57.003Z] [iam] error while checking permissions, command may fail: Request to https://cloudresourcemanager.googleapis.com/v1/projects/dpointslogin:testIamPermissions had HTTP Error: 403, Caller does not have required permission to use project dpointslogin. Grant the caller the roles/serviceusage.serviceUsageConsumer role, or a custom role with the serviceusage.services.use permission, by visiting https://console.developers.google.com/iam-admin/iam/project?project=dpointslogin and then retry. Propagation of the new permission may take a few minutes.
[info] 
[info] === Deploying to 'dpointslogin'...
[info] 
[info] i  deploying firestore 
[info] i  firestore: ensuring required API firestore.googleapis.com is enabled... 
[info] i  firestore: ensuring required API firestore.googleapis.com is enabled... 
[debug] [2026-02-20T12:34:57.006Z] Checked if tokens are valid: true, expires at: 1771594425507
[debug] [2026-02-20T12:34:57.006Z] Checked if tokens are valid: true, expires at: 1771594425507
[debug] [2026-02-20T12:34:57.007Z] >>> [apiv2][query] GET https://firestore.googleapis.com/v1/projects/dpointslogin/databases/(default) [none]
[debug] [2026-02-20T12:34:58.073Z] <<< [apiv2][status] GET https://firestore.googleapis.com/v1/projects/dpointslogin/databases/(default) 403
[debug] [2026-02-20T12:34:58.074Z] <<< [apiv2][body] GET https://firestore.googleapis.com/v1/projects/dpointslogin/databases/(default) {"error":{"code":403,"message":"The caller does not have permission","status":"PERMISSION_DENIED"}}
[info] i  cloud.firestore: checking firebase-rules.txt for compilation errors... 
[debug] [2026-02-20T12:34:58.075Z] Checked if tokens are valid: true, expires at: 1771594425507
[debug] [2026-02-20T12:34:58.075Z] Checked if tokens are valid: true, expires at: 1771594425507
[debug] [2026-02-20T12:34:58.076Z] >>> [apiv2][query] POST https://firebaserules.googleapis.com/v1/projects/dpointslogin:test [none]
[debug] [2026-02-20T12:34:58.076Z] >>> [apiv2][body] POST https://firebaserules.googleapis.com/v1/projects/dpointslogin:test [omitted]
[debug] [2026-02-20T12:34:59.224Z] <<< [apiv2][status] POST https://firebaserules.googleapis.com/v1/projects/dpointslogin:test 403
[debug] [2026-02-20T12:34:59.225Z] <<< [apiv2][body] POST https://firebaserules.googleapis.com/v1/projects/dpointslogin:test {"error":{"code":403,"message":"The caller does not have permission","status":"PERMISSION_DENIED"}}
[error] 
[error] Error: Request to https://firebaserules.googleapis.com/v1/projects/dpointslogin:test had HTTP Error: 403, The caller does not have permission
[debug] [2026-02-20T12:34:59.231Z] Error Context: {
  "body": {
    "error": {
      "code": 403,
      "message": "The caller does not have permission",
      "status": "PERMISSION_DENIED"
    }
  },
  "response": {
    "statusCode": 403
  }
}
